// Jest Snapshot v1, https://goo.gl/fbAQLP

exports[`icon tests 是个svg 1`] = `
<svg
  className="xc-ui"
>
  <use
    xlinkHref="#wechat"
  />
</svg>
`;
